digraph G {
	0 [ label="0 | start (__entryPoint__)" shape="rectangle" ];
	1 [ label="1 | #func" shape="rectangle" ];
	2 [ label="2 | start (func)
p(3):d(0)
p(4):d(0)
p(5):d(0)
--------
final delta
p(3):d(1)
p(4):d(-1)
p(5):d(T)" shape="rectangle" ];
	3 [ label="3 | param (1)" shape="rectangle" ];
	4 [ label="4 | param (2)" shape="rectangle" ];
	5 [ label="5 | param (3)" shape="rectangle" ];
	6 [ label="6 | call
p(3):d(1)
p(4):d(0)
p(5):d(0)" shape="rectangle" ];
	7 [ label="7 | 1" shape="rectangle" ];
	8 [ label="8 | #push" shape="rectangle" ];
	9 [ label="9 | load
p(3):d(0)
p(4):d(0)
p(5):d(0)" shape="rectangle" ];
	10 [ label="10 | while
p(3):d(1)
p(4):d(0)
p(5):d(T)" shape="rectangle" ];
	11 [ label="11 | merge
p(3):d(1)
p(4):d(0)
p(5):d(T)" shape="rectangle" ];
	12 [ label="12 | true" shape="rectangle" ];
	13 [ label="13 | call
p(3):d(1)
p(4):d(0)
p(5):d(T)" shape="rectangle" ];
	14 [ label="14 | load
p(3):d(1)
p(4):d(0)
p(5):d(T)" shape="rectangle" ];
	15 [ label="15 | call
p(3):d(1)
p(4):d(-1)
p(5):d(T)" shape="rectangle" ];
	16 [ label="16 | #pop" shape="rectangle" ];
	17 [ label="17 | load
p(3):d(1)
p(4):d(0)
p(5):d(T)" shape="rectangle" ];
	2 -> 1 [ label="association", style=dashed, dir=none ];
	3 -> 2 [ label="association", style=dashed, dir=none ];
	4 -> 2 [ label="association", style=dashed, dir=none ];
	5 -> 2 [ label="association", style=dashed, dir=none ];
	7 -> 6 [ label="pos: 1" ];
	2 -> 9 [ label="control" ];
	3 -> 9 [ label="object" ];
	8 -> 9 [ label="property" ];
	9 -> 6 [ label="callable" ];
	9 -> 6 [ label="control" ];
	10 -> 11 [ label="association", style=dashed, dir=none ];
	12 -> 10 [ label="condition" ];
	6 -> 11 [ label="control" ];
	11 -> 10 [ label="control" ];
	7 -> 13 [ label="pos: 1" ];
	10 -> 14 [ label="true-control" ];
	5 -> 14 [ label="object" ];
	8 -> 14 [ label="property" ];
	14 -> 13 [ label="callable" ];
	14 -> 13 [ label="control" ];
	13 -> 11 [ label="control" ];
	10 -> 17 [ label="false-control" ];
	4 -> 17 [ label="object" ];
	16 -> 17 [ label="property" ];
	17 -> 15 [ label="callable" ];
	17 -> 15 [ label="control" ];
}
