digraph G {
	0 [ label="0 | start (__entryPoint__)" shape="rectangle" ];
	1 [ label="1 | 0" shape="rectangle" ];
	2 [ label="2 | if" shape="rectangle" ];
	3 [ label="3 | true" shape="rectangle" ];
	4 [ label="4 | merge (2)" shape="rectangle" ];
	5 [ label="5 | 1" shape="rectangle" ];
	6 [ label="6 | dummy" shape="rectangle" ];
	7 [ label="7 | if" shape="rectangle" ];
	8 [ label="8 | false" shape="rectangle" ];
	9 [ label="9 | merge (7)" shape="rectangle" ];
	10 [ label="10 | 2" shape="rectangle" ];
	11 [ label="11 | dummy" shape="rectangle" ];
	12 [ label="12 | 3" shape="rectangle" ];
	13 [ label="13 | dummy" shape="rectangle" ];
	14 [ label="14 | phi  (9)" shape="rectangle" ];
	15 [ label="15 | phi  (4)" shape="rectangle" ];
	0 -> 2 [ label="control", style="solid" ];
	3 -> 2 [ label="condition", style="solid" ];
	2 -> 6 [ label="true-control", style="solid" ];
	6 -> 4 [ label="control", style="solid" ];
	2 -> 7 [ label="false-control", style="solid" ];
	8 -> 7 [ label="condition", style="solid" ];
	7 -> 11 [ label="true-control", style="solid" ];
	11 -> 9 [ label="control", style="solid" ];
	7 -> 13 [ label="false-control", style="solid" ];
	13 -> 9 [ label="control", style="solid" ];
	10 -> 14 [ label="from 11", style="solid" ];
	12 -> 14 [ label="from 13", style="solid" ];
	9 -> 4 [ label="control", style="solid" ];
	5 -> 15 [ label="from 6", style="solid" ];
	14 -> 15 [ label="from 9", style="solid" ];
}
