digraph G {
	0 [ label="0 | start (__entryPoint__)" shape="rectangle" ];
	1 [ label="1 | start (fact)" shape="rectangle" ];
	2 [ label="2 | call" shape="rectangle" ];
	3 [ label="3 | 10" shape="rectangle" ];
	4 [ label="4 | param (1): (1)" shape="rectangle" ];
	5 [ label="5 | if" shape="rectangle" ];
	6 [ label="6 | 1" shape="rectangle" ];
	7 [ label="7 | <=" shape="rectangle" ];
	8 [ label="8 | merge (5)" shape="rectangle" ];
	9 [ label="9 | return (1)" shape="rectangle" ];
	10 [ label="10 | dummy" shape="rectangle" ];
	11 [ label="11 | return (1)" shape="rectangle" ];
	12 [ label="12 | call" shape="rectangle" ];
	13 [ label="13 | -" shape="rectangle" ];
	14 [ label="14 | *" shape="rectangle" ];
	0 -> 2 [ label="control", style="solid" ];
	3 -> 2 [ label="pos: 1", style="solid" ];
	2 -> 1 [ label="call", style="dashed" ];
	1 -> 5 [ label="control", style="solid" ];
	6 -> 7 [ label="right", style="solid" ];
	4 -> 7 [ label="left", style="solid" ];
	7 -> 5 [ label="condition", style="solid" ];
	5 -> 9 [ label="true-control", style="solid" ];
	6 -> 9 [ label="value", style="solid" ];
	5 -> 10 [ label="false-control", style="solid" ];
	10 -> 8 [ label="control", style="solid" ];
	8 -> 11 [ label="control", style="solid" ];
	6 -> 13 [ label="right", style="solid" ];
	4 -> 13 [ label="left", style="solid" ];
	13 -> 12 [ label="pos: 1", style="solid" ];
	12 -> 1 [ label="call", style="dashed" ];
	12 -> 14 [ label="right", style="solid" ];
	4 -> 14 [ label="left", style="solid" ];
	14 -> 11 [ label="value", style="solid" ];
}
