digraph G {
	0 [ label="0 | start (__entryPoint__)" shape="rectangle" ];
	1 [ label="1 | start (add)" shape="rectangle" ];
	2 [ label="2 | start (sub)" shape="rectangle" ];
	3 [ label="3 | 0" shape="rectangle" ];
	4 [ label="4 | true" shape="rectangle" ];
	5 [ label="5 | false" shape="rectangle" ];
	6 [ label="6 | if" shape="rectangle" ];
	7 [ label="7 | ||" shape="rectangle" ];
	8 [ label="8 | merge (6)" shape="rectangle" ];
	9 [ label="9 | call" shape="rectangle" ];
	10 [ label="10 | 10" shape="rectangle" ];
	11 [ label="11 | call" shape="rectangle" ];
	12 [ label="12 | 30" shape="rectangle" ];
	13 [ label="13 | 40" shape="rectangle" ];
	14 [ label="14 | phi  (8)" shape="rectangle" ];
	15 [ label="15 | call" shape="rectangle" ];
	16 [ label="16 | param (1): (1)" shape="rectangle" ];
	17 [ label="17 | param (2): (1)" shape="rectangle" ];
	18 [ label="18 | return (1)" shape="rectangle" ];
	19 [ label="19 | +" shape="rectangle" ];
	20 [ label="20 | param (1): (2)" shape="rectangle" ];
	21 [ label="21 | param (2): (2)" shape="rectangle" ];
	22 [ label="22 | return (2)" shape="rectangle" ];
	23 [ label="23 | -" shape="rectangle" ];
	0 -> 6 [ label="control", style="solid" ];
	5 -> 7 [ label="right", style="solid" ];
	4 -> 7 [ label="left", style="solid" ];
	7 -> 6 [ label="condition", style="solid" ];
	6 -> 9 [ label="true-control", style="solid" ];
	3 -> 9 [ label="pos: 1", style="solid" ];
	10 -> 9 [ label="pos: 2", style="solid" ];
	9 -> 1 [ label="call", style="dashed" ];
	9 -> 8 [ label="control", style="solid" ];
	6 -> 11 [ label="false-control", style="solid" ];
	12 -> 11 [ label="pos: 1", style="solid" ];
	13 -> 11 [ label="pos: 2", style="solid" ];
	11 -> 2 [ label="call", style="dashed" ];
	11 -> 8 [ label="control", style="solid" ];
	9 -> 14 [ label="from 9", style="solid" ];
	3 -> 14 [ label="from 11", style="solid" ];
	8 -> 15 [ label="control", style="solid" ];
	14 -> 15 [ label="pos: 1", style="solid" ];
	14 -> 15 [ label="pos: 2", style="solid" ];
	15 -> 1 [ label="call", style="dashed" ];
	1 -> 18 [ label="control", style="solid" ];
	17 -> 19 [ label="right", style="solid" ];
	16 -> 19 [ label="left", style="solid" ];
	19 -> 18 [ label="value", style="solid" ];
	2 -> 22 [ label="control", style="solid" ];
	21 -> 23 [ label="right", style="solid" ];
	20 -> 23 [ label="left", style="solid" ];
	23 -> 22 [ label="value", style="solid" ];
}
