digraph G {
	0 [ label="0 | start (__entryPoint__)" shape="rectangle" ];
	1 [ label="1 | 0" shape="rectangle" ];
	2 [ label="2 | if" shape="rectangle" ];
	3 [ label="3 | true" shape="rectangle" ];
	4 [ label="4 | merge (2)" shape="rectangle" ];
	5 [ label="5 | 1" shape="rectangle" ];
	6 [ label="6 | dummy" shape="rectangle" ];
	7 [ label="7 | 5" shape="rectangle" ];
	8 [ label="8 | dummy" shape="rectangle" ];
	9 [ label="9 | phi  (4)" shape="rectangle" ];
	10 [ label="10 | +" shape="rectangle" ];
	0 -> 2 [ label="control", style="solid" ];
	3 -> 2 [ label="condition", style="solid" ];
	2 -> 6 [ label="true-control", style="solid" ];
	6 -> 4 [ label="control", style="solid" ];
	2 -> 8 [ label="false-control", style="solid" ];
	8 -> 4 [ label="control", style="solid" ];
	5 -> 9 [ label="from 6", style="solid" ];
	1 -> 9 [ label="from 8", style="solid" ];
	5 -> 10 [ label="right", style="solid" ];
	9 -> 10 [ label="left", style="solid" ];
}
