digraph G {
	0 [ label="0 | start (__entryPoint__)" shape="rectangle" ];
	1 [ label="1 | start (func)" shape="rectangle" ];
	2 [ label="2 | start (func2)" shape="rectangle" ];
	3 [ label="3 | start (final)" shape="rectangle" ];
	4 [ label="4 | 2" shape="rectangle" ];
	5 [ label="5 | -" shape="rectangle" ];
	6 [ label="6 | 1" shape="rectangle" ];
	7 [ label="7 | -" shape="rectangle" ];
	8 [ label="8 | 0" shape="rectangle" ];
	9 [ label="9 | while" shape="rectangle" ];
	10 [ label="10 | merge (9)" shape="rectangle" ];
	11 [ label="11 | 5" shape="rectangle" ];
	12 [ label="12 | >" shape="rectangle" ];
	13 [ label="13 | call" shape="rectangle" ];
	14 [ label="14 | call" shape="rectangle" ];
	15 [ label="15 | call" shape="rectangle" ];
	16 [ label="16 | call" shape="rectangle" ];
	17 [ label="17 | call" shape="rectangle" ];
	18 [ label="18 | 3" shape="rectangle" ];
	19 [ label="19 | call" shape="rectangle" ];
	20 [ label="20 | +" shape="rectangle" ];
	21 [ label="21 | call" shape="rectangle" ];
	22 [ label="22 | phi  (10)" shape="rectangle" ];
	23 [ label="23 | phi  (10)" shape="rectangle" ];
	24 [ label="24 | call" shape="rectangle" ];
	25 [ label="25 | param (1): (1)" shape="rectangle" ];
	26 [ label="26 | return (1)" shape="rectangle" ];
	27 [ label="27 | 10" shape="rectangle" ];
	28 [ label="28 | +" shape="rectangle" ];
	29 [ label="29 | param (1): (2)" shape="rectangle" ];
	30 [ label="30 | param (2): (2)" shape="rectangle" ];
	31 [ label="31 | return (2)" shape="rectangle" ];
	32 [ label="32 | +" shape="rectangle" ];
	33 [ label="33 | return (3)" shape="rectangle" ];
	34 [ label="34 | DONE!" shape="rectangle" ];
	4 -> 5 [ label="prefix", style="solid" ];
	6 -> 7 [ label="prefix", style="solid" ];
	0 -> 10 [ label="control", style="solid" ];
	10 -> 9 [ label="control", style="solid" ];
	11 -> 12 [ label="right", style="solid" ];
	22 -> 12 [ label="left", style="solid" ];
	12 -> 9 [ label="condition", style="solid" ];
	9 -> 13 [ label="true-control", style="solid" ];
	22 -> 13 [ label="pos: 1", style="solid" ];
	13 -> 1 [ label="call", style="dashed" ];
	13 -> 14 [ label="control", style="solid" ];
	23 -> 14 [ label="pos: 1", style="solid" ];
	14 -> 1 [ label="call", style="dashed" ];
	14 -> 15 [ label="control", style="solid" ];
	6 -> 15 [ label="pos: 1", style="solid" ];
	23 -> 15 [ label="pos: 2", style="solid" ];
	15 -> 2 [ label="call", style="dashed" ];
	15 -> 16 [ label="control", style="solid" ];
	5 -> 16 [ label="pos: 1", style="solid" ];
	16 -> 1 [ label="call", style="dashed" ];
	16 -> 17 [ label="control", style="solid" ];
	4 -> 17 [ label="pos: 1", style="solid" ];
	17 -> 1 [ label="call", style="dashed" ];
	17 -> 19 [ label="control", style="solid" ];
	18 -> 19 [ label="pos: 1", style="solid" ];
	19 -> 1 [ label="call", style="dashed" ];
	6 -> 20 [ label="right", style="solid" ];
	6 -> 20 [ label="left", style="solid" ];
	19 -> 21 [ label="control", style="solid" ];
	20 -> 21 [ label="pos: 1", style="solid" ];
	21 -> 1 [ label="call", style="dashed" ];
	20 -> 22 [ label="from 21", style="solid" ];
	8 -> 22 [ label="from 0", style="solid" ];
	18 -> 23 [ label="from 21", style="solid" ];
	7 -> 23 [ label="from 0", style="solid" ];
	21 -> 10 [ label="control", style="solid" ];
	9 -> 24 [ label="false-control", style="solid" ];
	24 -> 3 [ label="call", style="dashed" ];
	1 -> 26 [ label="control", style="solid" ];
	27 -> 28 [ label="right", style="solid" ];
	25 -> 28 [ label="left", style="solid" ];
	28 -> 26 [ label="value", style="solid" ];
	2 -> 31 [ label="control", style="solid" ];
	30 -> 32 [ label="right", style="solid" ];
	29 -> 32 [ label="left", style="solid" ];
	32 -> 31 [ label="value", style="solid" ];
	3 -> 33 [ label="control", style="solid" ];
	34 -> 33 [ label="value", style="solid" ];
}
