digraph G {
	0 [ label="0 | start (__entryPoint__)" shape="rectangle" ];
	1 [ label="1 | start (B::Constructor)" shape="rectangle" ];
	2 [ label="2 | param (0): (1)" shape="rectangle" ];
	3 [ label="3 | 1" shape="rectangle" ];
	4 [ label="4 | store c" shape="rectangle" ];
	5 [ label="5 | start (A::Constructor)" shape="rectangle" ];
	6 [ label="6 | param (0): (5)" shape="rectangle" ];
	7 [ label="7 | new B" shape="rectangle" ];
	8 [ label="8 | store b" shape="rectangle" ];
	9 [ label="9 | new A" shape="rectangle" ];
	10 [ label="10 | 4" shape="rectangle" ];
	11 [ label="11 | load b" shape="rectangle" ];
	12 [ label="12 | store c" shape="rectangle" ];
	3 -> 4 [ label="value", style="solid" ];
	2 -> 4 [ label="object", style="solid" ];
	1 -> 4 [ label="control", style="solid" ];
	7 -> 1 [ label="call", style="solid" ];
	5 -> 7 [ label="control", style="solid" ];
	7 -> 8 [ label="value", style="solid" ];
	6 -> 8 [ label="object", style="solid" ];
	7 -> 8 [ label="control", style="solid" ];
	9 -> 5 [ label="call", style="solid" ];
	0 -> 9 [ label="control", style="solid" ];
	9 -> 11 [ label="control", style="solid" ];
	9 -> 11 [ label="object", style="solid" ];
	10 -> 12 [ label="value", style="solid" ];
	11 -> 12 [ label="object", style="solid" ];
	11 -> 12 [ label="control", style="solid" ];
}
