digraph G {
	0 [ label="0 | start (__entryPoint__)" shape="rectangle" ];
	1 [ label="1 | 16" shape="rectangle" ];
	2 [ label="2 | 1.2" shape="rectangle" ];
	3 [ label="3 | 93" shape="rectangle" ];
	4 [ label="4 | -" shape="rectangle" ];
	5 [ label="5 | 103.234" shape="rectangle" ];
	6 [ label="6 | -" shape="rectangle" ];
	7 [ label="7 | 4" shape="rectangle" ];
	8 [ label="8 | 2" shape="rectangle" ];
	9 [ label="9 | 102" shape="rectangle" ];
	10 [ label="10 | /" shape="rectangle" ];
	11 [ label="11 | 10" shape="rectangle" ];
	12 [ label="12 | 42" shape="rectangle" ];
	13 [ label="13 | *" shape="rectangle" ];
	14 [ label="14 | -" shape="rectangle" ];
	15 [ label="15 | +" shape="rectangle" ];
	16 [ label="16 | 0.5" shape="rectangle" ];
	17 [ label="17 | 92.5" shape="rectangle" ];
	18 [ label="18 | /" shape="rectangle" ];
	19 [ label="19 | 1.5" shape="rectangle" ];
	20 [ label="20 | *" shape="rectangle" ];
	21 [ label="21 | 105" shape="rectangle" ];
	3 -> 4 [ label="prefix", style="solid" ];
	5 -> 6 [ label="prefix", style="solid" ];
	8 -> 10 [ label="right", style="solid" ];
	9 -> 10 [ label="left", style="solid" ];
	11 -> 13 [ label="right", style="solid" ];
	12 -> 13 [ label="left", style="solid" ];
	10 -> 14 [ label="right", style="solid" ];
	13 -> 14 [ label="left", style="solid" ];
	7 -> 15 [ label="right", style="solid" ];
	14 -> 15 [ label="left", style="solid" ];
	16 -> 18 [ label="right", style="solid" ];
	17 -> 18 [ label="left", style="solid" ];
	18 -> 20 [ label="right", style="solid" ];
	19 -> 20 [ label="left", style="solid" ];
}
