digraph G {
	0 [ label="0 | start (__entryPoint__)" shape="rectangle" ];
	1 [ label="1 | true" shape="rectangle" ];
	2 [ label="2 | false" shape="rectangle" ];
	3 [ label="3 | 5" shape="rectangle" ];
	4 [ label="4 | 4" shape="rectangle" ];
	5 [ label="5 | <" shape="rectangle" ];
	6 [ label="6 | <=" shape="rectangle" ];
	7 [ label="7 | >" shape="rectangle" ];
	8 [ label="8 | >=" shape="rectangle" ];
	9 [ label="9 | ==" shape="rectangle" ];
	10 [ label="10 | !=" shape="rectangle" ];
	11 [ label="11 | ===" shape="rectangle" ];
	12 [ label="12 | !==" shape="rectangle" ];
	13 [ label="13 | &&" shape="rectangle" ];
	14 [ label="14 | ||" shape="rectangle" ];
	15 [ label="15 | !" shape="rectangle" ];
	3 -> 5 [ label="right", style="solid" ];
	4 -> 5 [ label="left", style="solid" ];
	3 -> 6 [ label="right", style="solid" ];
	4 -> 6 [ label="left", style="solid" ];
	3 -> 7 [ label="right", style="solid" ];
	4 -> 7 [ label="left", style="solid" ];
	3 -> 8 [ label="right", style="solid" ];
	4 -> 8 [ label="left", style="solid" ];
	3 -> 9 [ label="right", style="solid" ];
	4 -> 9 [ label="left", style="solid" ];
	3 -> 10 [ label="right", style="solid" ];
	4 -> 10 [ label="left", style="solid" ];
	3 -> 11 [ label="right", style="solid" ];
	4 -> 11 [ label="left", style="solid" ];
	3 -> 12 [ label="right", style="solid" ];
	4 -> 12 [ label="left", style="solid" ];
	8 -> 13 [ label="right", style="solid" ];
	7 -> 13 [ label="left", style="solid" ];
	8 -> 14 [ label="right", style="solid" ];
	7 -> 14 [ label="left", style="solid" ];
	7 -> 15 [ label="prefix", style="solid" ];
}
