digraph G {
	0 [ label="0 | start (__entryPoint__)" shape="rectangle" ];
	1 [ label="1 | 0" shape="rectangle" ];
	2 [ label="2 | 1" shape="rectangle" ];
	3 [ label="3 | if" shape="rectangle" ];
	4 [ label="4 | true" shape="rectangle" ];
	5 [ label="5 | merge (3)" shape="rectangle" ];
	6 [ label="6 | if" shape="rectangle" ];
	7 [ label="7 | merge (6)" shape="rectangle" ];
	8 [ label="8 | 2" shape="rectangle" ];
	9 [ label="9 | dummy" shape="rectangle" ];
	10 [ label="10 | 3" shape="rectangle" ];
	11 [ label="11 | dummy" shape="rectangle" ];
	12 [ label="12 | phi  (7)" shape="rectangle" ];
	13 [ label="13 | phi  (7)" shape="rectangle" ];
	14 [ label="14 | 4" shape="rectangle" ];
	15 [ label="15 | dummy" shape="rectangle" ];
	16 [ label="16 | phi  (5)" shape="rectangle" ];
	17 [ label="17 | phi  (5)" shape="rectangle" ];
	0 -> 3 [ label="control", style="solid" ];
	4 -> 3 [ label="condition", style="solid" ];
	3 -> 6 [ label="true-control", style="solid" ];
	4 -> 6 [ label="condition", style="solid" ];
	6 -> 9 [ label="true-control", style="solid" ];
	9 -> 7 [ label="control", style="solid" ];
	6 -> 11 [ label="false-control", style="solid" ];
	11 -> 7 [ label="control", style="solid" ];
	10 -> 12 [ label="from 11", style="solid" ];
	2 -> 12 [ label="from 9", style="solid" ];
	8 -> 13 [ label="from 9", style="solid" ];
	1 -> 13 [ label="from 11", style="solid" ];
	7 -> 5 [ label="control", style="solid" ];
	3 -> 15 [ label="false-control", style="solid" ];
	15 -> 5 [ label="control", style="solid" ];
	14 -> 16 [ label="from 7", style="solid" ];
	2 -> 16 [ label="from 15", style="solid" ];
	13 -> 17 [ label="from 7", style="solid" ];
	1 -> 17 [ label="from 15", style="solid" ];
}
