digraph G {
	0 [ label="0 | start (__entryPoint__)" shape="rectangle" ];
	1 [ label="1 | 15" shape="rectangle" ];
	2 [ label="2 | +" shape="rectangle" ];
	3 [ label="3 | 20" shape="rectangle" ];
	4 [ label="4 | hello" shape="rectangle" ];
	5 [ label="5 | hello world" shape="rectangle" ];
	6 [ label="6 | true" shape="rectangle" ];
	7 [ label="7 | false" shape="rectangle" ];
	1 -> 2 [ label="right", style="solid" ];
	1 -> 2 [ label="left", style="solid" ];
}
