digraph G {
	0 [ label="0 | start (__entryPoint__)" shape="rectangle" ];
	1 [ label="1 | start (add)" shape="rectangle" ];
	2 [ label="2 | start (sub)" shape="rectangle" ];
	3 [ label="3 | 5" shape="rectangle" ];
	4 [ label="4 | while" shape="rectangle" ];
	5 [ label="5 | merge (4)" shape="rectangle" ];
	6 [ label="6 | true" shape="rectangle" ];
	7 [ label="7 | if" shape="rectangle" ];
	8 [ label="8 | 0" shape="rectangle" ];
	9 [ label="9 | >" shape="rectangle" ];
	10 [ label="10 | merge (7)" shape="rectangle" ];
	11 [ label="11 | continue" shape="rectangle" ];
	12 [ label="12 | dummy" shape="rectangle" ];
	13 [ label="13 | if" shape="rectangle" ];
	14 [ label="14 | 7" shape="rectangle" ];
	15 [ label="15 | <" shape="rectangle" ];
	16 [ label="16 | merge (13)" shape="rectangle" ];
	17 [ label="17 | break" shape="rectangle" ];
	18 [ label="18 | dummy" shape="rectangle" ];
	19 [ label="19 | call" shape="rectangle" ];
	20 [ label="20 | call" shape="rectangle" ];
	21 [ label="21 | return (1)" shape="rectangle" ];
	22 [ label="22 | return (2)" shape="rectangle" ];
	0 -> 5 [ label="control", style="solid" ];
	5 -> 4 [ label="control", style="solid" ];
	6 -> 4 [ label="condition", style="solid" ];
	4 -> 7 [ label="true-control", style="solid" ];
	8 -> 9 [ label="right", style="solid" ];
	3 -> 9 [ label="left", style="solid" ];
	9 -> 7 [ label="condition", style="solid" ];
	7 -> 11 [ label="true-control", style="solid" ];
	11 -> 4 [ label="control", style="solid" ];
	7 -> 12 [ label="false-control", style="solid" ];
	12 -> 10 [ label="control", style="solid" ];
	10 -> 13 [ label="control", style="solid" ];
	14 -> 15 [ label="right", style="solid" ];
	3 -> 15 [ label="left", style="solid" ];
	15 -> 13 [ label="condition", style="solid" ];
	13 -> 17 [ label="true-control", style="solid" ];
	13 -> 18 [ label="false-control", style="solid" ];
	18 -> 16 [ label="control", style="solid" ];
	16 -> 19 [ label="control", style="solid" ];
	19 -> 1 [ label="call", style="dashed" ];
	19 -> 5 [ label="control", style="solid" ];
	4 -> 20 [ label="false-control", style="solid" ];
	17 -> 20 [ label="control", style="solid" ];
	20 -> 2 [ label="call", style="dashed" ];
	1 -> 21 [ label="control", style="solid" ];
	8 -> 21 [ label="value", style="solid" ];
	2 -> 22 [ label="control", style="solid" ];
	8 -> 22 [ label="value", style="solid" ];
}
