digraph G {
	0 [ label="0 | start (__entryPoint__)" shape="rectangle" ];
	1 [ label="1 | start (add)" shape="rectangle" ];
	2 [ label="2 | start (sub)" shape="rectangle" ];
	3 [ label="3 | 5" shape="rectangle" ];
	4 [ label="4 | if" shape="rectangle" ];
	5 [ label="5 | true" shape="rectangle" ];
	6 [ label="6 | merge (4)" shape="rectangle" ];
	7 [ label="7 | 6" shape="rectangle" ];
	8 [ label="8 | call" shape="rectangle" ];
	9 [ label="9 | dummy" shape="rectangle" ];
	10 [ label="10 | call" shape="rectangle" ];
	11 [ label="11 | param (1): (1)" shape="rectangle" ];
	12 [ label="12 | return (1)" shape="rectangle" ];
	13 [ label="13 | 10" shape="rectangle" ];
	14 [ label="14 | +" shape="rectangle" ];
	15 [ label="15 | param (1): (2)" shape="rectangle" ];
	16 [ label="16 | return (2)" shape="rectangle" ];
	17 [ label="17 | -" shape="rectangle" ];
	0 -> 4 [ label="control", style="solid" ];
	5 -> 4 [ label="condition", style="solid" ];
	4 -> 8 [ label="true-control", style="solid" ];
	7 -> 8 [ label="pos: 1", style="solid" ];
	8 -> 1 [ label="call", style="dashed" ];
	8 -> 6 [ label="control", style="solid" ];
	4 -> 9 [ label="false-control", style="solid" ];
	9 -> 6 [ label="control", style="solid" ];
	6 -> 10 [ label="control", style="solid" ];
	3 -> 10 [ label="pos: 1", style="solid" ];
	10 -> 1 [ label="call", style="dashed" ];
	1 -> 12 [ label="control", style="solid" ];
	13 -> 14 [ label="right", style="solid" ];
	11 -> 14 [ label="left", style="solid" ];
	14 -> 12 [ label="value", style="solid" ];
	2 -> 16 [ label="control", style="solid" ];
	13 -> 17 [ label="right", style="solid" ];
	15 -> 17 [ label="left", style="solid" ];
	17 -> 16 [ label="value", style="solid" ];
}
